// Jest Snapshot v1, https://goo.gl/fbAQLP

exports[`Container component UI Should render properly 1`] = `
<View
  style={
    Array [
      Object {
        "alignItems": "center",
        "display": "flex",
        "justifyContent": "center",
      },
    ]
  }
>
  Fastics Native Description
</View>
`;
